views/ControlTower.tsx(74,93): error TS1382: Unexpected token. Did you mean `{'>'}` or `&gt;`?
views/Warranty.tsx(78,127): error TS1382: Unexpected token. Did you mean `{'>'}` or `&gt;`?
